// Jest Snapshot v1, https://goo.gl/fbAQLP

exports[`componente de transacao do Extrato O SnapShot do component deve permanecer sempre o mesmo 1`] = `
<div
  class="transacao-container"
>
  <p>
    08/09/2020
  </p>
  <p>
    saque
  </p>
  <p>
    R$ 
    50.00
  </p>
</div>
`;
